ECHO001   202604151234567890Test Pharmacy LLC                  000000123456BP-00001                                                                                                                                                                                                                                                                                                                          ACH
ECHO001   202604150987654321Another Pharma Co                  000000056789BP-00002                                                                                                                                                                                                                                                                                                                          ACH
